%!Adobe-FontList 1.18
%Locale:0x416

%BeginFont
Handler:DirectoryHandler
FontType:Invalid
OutlineFileName:C:\Users\48753086805\Desktop\Photon\Font\1505324539_icon_projetodelei.png
FileModTime:1511346410
%EndFont

%BeginFont
Handler:DirectoryHandler
FontType:Invalid
OutlineFileName:C:\Users\48753086805\Desktop\Photon\Font\conheca-bg.jpg
FileModTime:1511346408
%EndFont

%BeginFont
Handler:DirectoryHandler
FontType:Invalid
OutlineFileName:C:\Users\48753086805\Desktop\Photon\Font\desenvolvimento.png
FileModTime:1511346410
%EndFont

%BeginFont
Handler:DirectoryHandler
FontType:Invalid
OutlineFileName:C:\Users\48753086805\Desktop\Photon\Font\design_4929.png
FileModTime:1511346410
%EndFont

%BeginFont
Handler:DirectoryHandler
FontType:Invalid
OutlineFileName:C:\Users\48753086805\Desktop\Photon\Font\equipeTeste.jpg
FileModTime:1511346410
%EndFont

%BeginFont
Handler:DirectoryHandler
FontType:Invalid
OutlineFileName:C:\Users\48753086805\Desktop\Photon\Font\group41.png
FileModTime:1511346412
%EndFont

%BeginFont
Handler:DirectoryHandler
FontType:Invalid
OutlineFileName:C:\Users\48753086805\Desktop\Photon\Font\imgAtmosfera.png
FileModTime:1511346412
%EndFont

%BeginFont
Handler:DirectoryHandler
FontType:Invalid
OutlineFileName:C:\Users\48753086805\Desktop\Photon\Font\logo_photon.png
FileModTime:1511346412
%EndFont

%BeginFont
Handler:DirectoryHandler
FontType:Invalid
OutlineFileName:C:\Users\48753086805\Desktop\Photon\Font\logo_photon2.png
FileModTime:1511346412
%EndFont

%BeginFont
Handler:DirectoryHandler
FontType:Invalid
OutlineFileName:C:\Users\48753086805\Desktop\Photon\Font\logo_photon3.PNG
FileModTime:1511346412
%EndFont

%BeginFont
Handler:DirectoryHandler
FontType:Invalid
OutlineFileName:C:\Users\48753086805\Desktop\Photon\Font\logo_PhotonGroup.jpg
FileModTime:1511346414
%EndFont

%BeginFont
Handler:DirectoryHandler
FontType:Invalid
OutlineFileName:C:\Users\48753086805\Desktop\Photon\Font\man.png
FileModTime:1511346414
%EndFont

%BeginFont
Handler:DirectoryHandler
FontType:Invalid
OutlineFileName:C:\Users\48753086805\Desktop\Photon\Font\membros_photon_1.jpg
FileModTime:1511346406
%EndFont

%BeginFont
Handler:DirectoryHandler
FontType:Invalid
OutlineFileName:C:\Users\48753086805\Desktop\Photon\Font\membros_photon_2.jpg
FileModTime:1511346406
%EndFont

%BeginFont
Handler:DirectoryHandler
FontType:Invalid
OutlineFileName:C:\Users\48753086805\Desktop\Photon\Font\membros_photon_3.jpg
FileModTime:1511346406
%EndFont

%BeginFont
Handler:DirectoryHandler
FontType:Invalid
OutlineFileName:C:\Users\48753086805\Desktop\Photon\Font\photon_logo.png
FileModTime:1511346406
%EndFont

%BeginFont
Handler:DirectoryHandler
FontType:Invalid
OutlineFileName:C:\Users\48753086805\Desktop\Photon\Font\photon_logo2.png
FileModTime:1511346406
%EndFont

%BeginFont
Handler:DirectoryHandler
FontType:Invalid
OutlineFileName:C:\Users\48753086805\Desktop\Photon\Font\photon_logo3.png
FileModTime:1511346406
%EndFont

%BeginFont
Handler:DirectoryHandler
FontType:Invalid
OutlineFileName:C:\Users\48753086805\Desktop\Photon\Font\photon_logo_4.png
FileModTime:1511346406
%EndFont

%BeginFont
Handler:DirectoryHandler
FontType:Invalid
OutlineFileName:C:\Users\48753086805\Desktop\Photon\Font\pirntListaP.PNG
FileModTime:1511346414
%EndFont

%BeginFont
Handler:DirectoryHandler
FontType:Invalid
OutlineFileName:C:\Users\48753086805\Desktop\Photon\Font\printCadastro.PNG
FileModTime:1511346412
%EndFont

%BeginFont
Handler:DirectoryHandler
FontType:Invalid
OutlineFileName:C:\Users\48753086805\Desktop\Photon\Font\printEntrada.PNG
FileModTime:1511346414
%EndFont

%BeginFont
Handler:DirectoryHandler
FontType:Invalid
OutlineFileName:C:\Users\48753086805\Desktop\Photon\Font\printEstoque.PNG
FileModTime:1511346412
%EndFont

%BeginFont
Handler:DirectoryHandler
FontType:Invalid
OutlineFileName:C:\Users\48753086805\Desktop\Photon\Font\printListaD.PNG
FileModTime:1511346414
%EndFont

%BeginFont
Handler:DirectoryHandler
FontType:Invalid
OutlineFileName:C:\Users\48753086805\Desktop\Photon\Font\printListaM.PNG
FileModTime:1511346414
%EndFont

%BeginFont
Handler:DirectoryHandler
FontType:Invalid
OutlineFileName:C:\Users\48753086805\Desktop\Photon\Font\print_cadastro_entrada.png
FileModTime:1511346408
%EndFont

%BeginFont
Handler:DirectoryHandler
FontType:Invalid
OutlineFileName:C:\Users\48753086805\Desktop\Photon\Font\print_estoque_produto.png
FileModTime:1511346408
%EndFont

%BeginFont
Handler:DirectoryHandler
FontType:Invalid
OutlineFileName:C:\Users\48753086805\Desktop\Photon\Font\print_lista_distribuidor.png
FileModTime:1511346408
%EndFont

%BeginFont
Handler:DirectoryHandler
FontType:Invalid
OutlineFileName:C:\Users\48753086805\Desktop\Photon\Font\print_lista_movimentacao.png
FileModTime:1511346408
%EndFont

%BeginFont
Handler:DirectoryHandler
FontType:Invalid
OutlineFileName:C:\Users\48753086805\Desktop\Photon\Font\print_lista_produto.png
FileModTime:1511346408
%EndFont

%BeginFont
Handler:DirectoryHandler
FontType:Invalid
OutlineFileName:C:\Users\48753086805\Desktop\Photon\Font\print_tela_inicial.png
FileModTime:1511346410
%EndFont

%BeginFont
Handler:DirectoryHandler
FontType:Invalid
OutlineFileName:C:\Users\48753086805\Desktop\Photon\Font\produto.png
FileModTime:1511346414
%EndFont

%BeginFont
Handler:DirectoryHandler
FontType:Invalid
OutlineFileName:C:\Users\48753086805\Desktop\Photon\Font\quemSomos.png
FileModTime:1511346414
%EndFont

%BeginFont
Handler:DirectoryHandler
FontType:Invalid
OutlineFileName:C:\Users\48753086805\Desktop\Photon\Font\senai.jpg
FileModTime:1511346414
%EndFont

%BeginFont
Handler:DirectoryHandler
FontType:Invalid
OutlineFileName:C:\Users\48753086805\Desktop\Photon\Font\services-icon-development-white.png
FileModTime:1511346414
%EndFont

%BeginFont
Handler:DirectoryHandler
FontType:Invalid
OutlineFileName:C:\Users\48753086805\Desktop\Photon\Font\serviço6-300x300.png
FileModTime:1511346416
%EndFont

%BeginFont
Handler:DirectoryHandler
FontType:Invalid
OutlineFileName:C:\Users\48753086805\Desktop\Photon\Font\videoEntrada.png
FileModTime:1511346416
%EndFont

%BeginFont
Handler:DirectoryHandler
FontType:Invalid
OutlineFileName:C:\Users\48753086805\Desktop\Photon\Font\video_photon.mp4
FileModTime:1511346422
%EndFont

